[2026-05-27T18:56:05.698Z] [log] [WS] Connected
[2026-05-27T18:56:05.826Z] [error] RangeError: Invalid time value
    at jx (http://localhost:3000/assets/index-CLS7f9TQ.js:192:12954)
    at Op (http://localhost:3000/assets/index-CLS7f9TQ.js:192:14207)
    at n2 (http://localhost:3000/assets/index-CLS7f9TQ.js:200:115285)
    at _a (http://localhost:3000/assets/index-CLS7f9TQ.js:38:16961)
    at vp (http://localhost:3000/assets/index-CLS7f9TQ.js:40:43768)
    at mp (http://localhost:3000/assets/index-CLS7f9TQ.js:40:39561)
    at jv (http://localhost:3000/assets/index-CLS7f9TQ.js:40:39492)
    at vs (http://localhost:3000/assets/index-CLS7f9TQ.js:40:39348)
    at Rl (http://localhost:3000/assets/index-CLS7f9TQ.js:40:35751)
    at Rc (http://localhost:3000/assets/index-CLS7f9TQ.js:40:36552)
[2026-05-27T18:56:05.826Z] [error] RangeError: Invalid time value
    at jx (http://localhost:3000/assets/index-CLS7f9TQ.js:192:12954)
    at Op (http://localhost:3000/assets/index-CLS7f9TQ.js:192:14207)
    at n2 (http://localhost:3000/assets/index-CLS7f9TQ.js:200:115285)
    at _a (http://localhost:3000/assets/index-CLS7f9TQ.js:38:16961)
    at vp (http://localhost:3000/assets/index-CLS7f9TQ.js:40:43768)
    at mp (http://localhost:3000/assets/index-CLS7f9TQ.js:40:39561)
    at jv (http://localhost:3000/assets/index-CLS7f9TQ.js:40:39492)
    at vs (http://localhost:3000/assets/index-CLS7f9TQ.js:40:39348)
    at Rl (http://localhost:3000/assets/index-CLS7f9TQ.js:40:35751)
    at Rc (http://localhost:3000/assets/index-CLS7f9TQ.js:40:36552)
[2026-05-27T18:56:05.826Z] [error] RangeError: Invalid time value
    at jx (http://localhost:3000/assets/index-CLS7f9TQ.js:192:12954)
    at Op (http://localhost:3000/assets/index-CLS7f9TQ.js:192:14207)
    at n2 (http://localhost:3000/assets/index-CLS7f9TQ.js:200:115285)
    at _a (http://localhost:3000/assets/index-CLS7f9TQ.js:38:16961)
    at vp (http://localhost:3000/assets/index-CLS7f9TQ.js:40:43768)
    at mp (http://localhost:3000/assets/index-CLS7f9TQ.js:40:39561)
    at jv (http://localhost:3000/assets/index-CLS7f9TQ.js:40:39492)
    at vs (http://localhost:3000/assets/index-CLS7f9TQ.js:40:39348)
    at Rl (http://localhost:3000/assets/index-CLS7f9TQ.js:40:35751)
    at Rc (http://localhost:3000/assets/index-CLS7f9TQ.js:40:36552)
[2026-05-27T18:56:05.826Z] [error] RangeError: Invalid time value
    at jx (http://localhost:3000/assets/index-CLS7f9TQ.js:192:12954)
    at Op (http://localhost:3000/assets/index-CLS7f9TQ.js:192:14207)
    at n2 (http://localhost:3000/assets/index-CLS7f9TQ.js:200:115285)
    at _a (http://localhost:3000/assets/index-CLS7f9TQ.js:38:16961)
    at vp (http://localhost:3000/assets/index-CLS7f9TQ.js:40:43768)
    at mp (http://localhost:3000/assets/index-CLS7f9TQ.js:40:39561)
    at jv (http://localhost:3000/assets/index-CLS7f9TQ.js:40:39492)
    at vs (http://localhost:3000/assets/index-CLS7f9TQ.js:40:39348)
    at Rl (http://localhost:3000/assets/index-CLS7f9TQ.js:40:35751)
    at Rc (http://localhost:3000/assets/index-CLS7f9TQ.js:40:36552)
[2026-05-27T18:56:05.826Z] [error] RangeError: Invalid time value
    at jx (http://localhost:3000/assets/index-CLS7f9TQ.js:192:12954)
    at Op (http://localhost:3000/assets/index-CLS7f9TQ.js:192:14207)
    at n2 (http://localhost:3000/assets/index-CLS7f9TQ.js:200:115285)
    at _a (http://localhost:3000/assets/index-CLS7f9TQ.js:38:16961)
    at vp (http://localhost:3000/assets/index-CLS7f9TQ.js:40:43768)
    at mp (http://localhost:3000/assets/index-CLS7f9TQ.js:40:39561)
    at jv (http://localhost:3000/assets/index-CLS7f9TQ.js:40:39492)
    at vs (http://localhost:3000/assets/index-CLS7f9TQ.js:40:39348)
    at Rl (http://localhost:3000/assets/index-CLS7f9TQ.js:40:35751)
    at Rc (http://localhost:3000/assets/index-CLS7f9TQ.js:40:36552)
[2026-05-27T18:56:05.826Z] [error] RangeError: Invalid time value
    at jx (http://localhost:3000/assets/index-CLS7f9TQ.js:192:12954)
    at Op (http://localhost:3000/assets/index-CLS7f9TQ.js:192:14207)
    at n2 (http://localhost:3000/assets/index-CLS7f9TQ.js:200:115285)
    at _a (http://localhost:3000/assets/index-CLS7f9TQ.js:38:16961)
    at vp (http://localhost:3000/assets/index-CLS7f9TQ.js:40:43768)
    at mp (http://localhost:3000/assets/index-CLS7f9TQ.js:40:39561)
    at jv (http://localhost:3000/assets/index-CLS7f9TQ.js:40:39492)
    at vs (http://localhost:3000/assets/index-CLS7f9TQ.js:40:39348)
    at Rl (http://localhost:3000/assets/index-CLS7f9TQ.js:40:35751)
    at Rc (http://localhost:3000/assets/index-CLS7f9TQ.js:40:36552)
[2026-05-27T18:56:05.826Z] [error] RangeError: Invalid time value
    at jx (http://localhost:3000/assets/index-CLS7f9TQ.js:192:12954)
    at Op (http://localhost:3000/assets/index-CLS7f9TQ.js:192:14207)
    at n2 (http://localhost:3000/assets/index-CLS7f9TQ.js:200:115285)
    at _a (http://localhost:3000/assets/index-CLS7f9TQ.js:38:16961)
    at vp (http://localhost:3000/assets/index-CLS7f9TQ.js:40:43768)
    at mp (http://localhost:3000/assets/index-CLS7f9TQ.js:40:39561)
    at jv (http://localhost:3000/assets/index-CLS7f9TQ.js:40:39492)
    at vs (http://localhost:3000/assets/index-CLS7f9TQ.js:40:39348)
    at Rl (http://localhost:3000/assets/index-CLS7f9TQ.js:40:35751)
    at Rc (http://localhost:3000/assets/index-CLS7f9TQ.js:40:36552)
[2026-05-27T18:56:05.829Z] [error] RangeError: Invalid time value
    at jx (http://localhost:3000/assets/index-CLS7f9TQ.js:192:12954)
    at Op (http://localhost:3000/assets/index-CLS7f9TQ.js:192:14207)
    at n2 (http://localhost:3000/assets/index-CLS7f9TQ.js:200:115285)
    at _a (http://localhost:3000/assets/index-CLS7f9TQ.js:38:16961)
    at vp (http://localhost:3000/assets/index-CLS7f9TQ.js:40:43768)
    at mp (http://localhost:3000/assets/index-CLS7f9TQ.js:40:39561)
    at jv (http://localhost:3000/assets/index-CLS7f9TQ.js:40:39492)
    at vs (http://localhost:3000/assets/index-CLS7f9TQ.js:40:39348)
    at Rl (http://localhost:3000/assets/index-CLS7f9TQ.js:40:35751)
    at Rc (http://localhost:3000/assets/index-CLS7f9TQ.js:40:36552)
[2026-05-27T18:56:05.829Z] [error] RangeError: Invalid time value
    at jx (http://localhost:3000/assets/index-CLS7f9TQ.js:192:12954)
    at Op (http://localhost:3000/assets/index-CLS7f9TQ.js:192:14207)
    at n2 (http://localhost:3000/assets/index-CLS7f9TQ.js:200:115285)
    at _a (http://localhost:3000/assets/index-CLS7f9TQ.js:38:16961)
    at vp (http://localhost:3000/assets/index-CLS7f9TQ.js:40:43768)
    at mp (http://localhost:3000/assets/index-CLS7f9TQ.js:40:39561)
    at jv (http://localhost:3000/assets/index-CLS7f9TQ.js:40:39492)
    at vs (http://localhost:3000/assets/index-CLS7f9TQ.js:40:39348)
    at Rl (http://localhost:3000/assets/index-CLS7f9TQ.js:40:35751)
    at Rc (http://localhost:3000/assets/index-CLS7f9TQ.js:40:36552)
[2026-05-27T18:56:05.829Z] [error] RangeError: Invalid time value
    at jx (http://localhost:3000/assets/index-CLS7f9TQ.js:192:12954)
    at Op (http://localhost:3000/assets/index-CLS7f9TQ.js:192:14207)
    at n2 (http://localhost:3000/assets/index-CLS7f9TQ.js:200:115285)
    at _a (http://localhost:3000/assets/index-CLS7f9TQ.js:38:16961)
    at vp (http://localhost:3000/assets/index-CLS7f9TQ.js:40:43768)
    at mp (http://localhost:3000/assets/index-CLS7f9TQ.js:40:39561)
    at jv (http://localhost:3000/assets/index-CLS7f9TQ.js:40:39492)
    at vs (http://localhost:3000/assets/index-CLS7f9TQ.js:40:39348)
    at Rl (http://localhost:3000/assets/index-CLS7f9TQ.js:40:35751)
    at Rc (http://localhost:3000/assets/index-CLS7f9TQ.js:40:36552)
[2026-05-27T18:56:05.829Z] [error] RangeError: Invalid time value
    at jx (http://localhost:3000/assets/index-CLS7f9TQ.js:192:12954)
    at Op (http://localhost:3000/assets/index-CLS7f9TQ.js:192:14207)
    at n2 (http://localhost:3000/assets/index-CLS7f9TQ.js:200:115285)
    at _a (http://localhost:3000/assets/index-CLS7f9TQ.js:38:16961)
    at vp (http://localhost:3000/assets/index-CLS7f9TQ.js:40:43768)
    at mp (http://localhost:3000/assets/index-CLS7f9TQ.js:40:39561)
    at jv (http://localhost:3000/assets/index-CLS7f9TQ.js:40:39492)
    at vs (http://localhost:3000/assets/index-CLS7f9TQ.js:40:39348)
    at Rl (http://localhost:3000/assets/index-CLS7f9TQ.js:40:35751)
    at Rc (http://localhost:3000/assets/index-CLS7f9TQ.js:40:36552)
[2026-05-27T18:56:05.829Z] [error] RangeError: Invalid time value
    at jx (http://localhost:3000/assets/index-CLS7f9TQ.js:192:12954)
    at Op (http://localhost:3000/assets/index-CLS7f9TQ.js:192:14207)
    at n2 (http://localhost:3000/assets/index-CLS7f9TQ.js:200:115285)
    at _a (http://localhost:3000/assets/index-CLS7f9TQ.js:38:16961)
    at vp (http://localhost:3000/assets/index-CLS7f9TQ.js:40:43768)
    at mp (http://localhost:3000/assets/index-CLS7f9TQ.js:40:39561)
    at jv (http://localhost:3000/assets/index-CLS7f9TQ.js:40:39492)
    at vs (http://localhost:3000/assets/index-CLS7f9TQ.js:40:39348)
    at Rl (http://localhost:3000/assets/index-CLS7f9TQ.js:40:35751)
    at Rc (http://localhost:3000/assets/index-CLS7f9TQ.js:40:36552)
[2026-05-27T18:56:05.829Z] [error] RangeError: Invalid time value
    at jx (http://localhost:3000/assets/index-CLS7f9TQ.js:192:12954)
    at Op (http://localhost:3000/assets/index-CLS7f9TQ.js:192:14207)
    at n2 (http://localhost:3000/assets/index-CLS7f9TQ.js:200:115285)
    at _a (http://localhost:3000/assets/index-CLS7f9TQ.js:38:16961)
    at vp (http://localhost:3000/assets/index-CLS7f9TQ.js:40:43768)
    at mp (http://localhost:3000/assets/index-CLS7f9TQ.js:40:39561)
    at jv (http://localhost:3000/assets/index-CLS7f9TQ.js:40:39492)
    at vs (http://localhost:3000/assets/index-CLS7f9TQ.js:40:39348)
    at Rl (http://localhost:3000/assets/index-CLS7f9TQ.js:40:35751)
    at Rc (http://localhost:3000/assets/index-CLS7f9TQ.js:40:36552)
[2026-05-27T18:56:05.829Z] [error] RangeError: Invalid time value
    at jx (http://localhost:3000/assets/index-CLS7f9TQ.js:192:12954)
    at Op (http://localhost:3000/assets/index-CLS7f9TQ.js:192:14207)
    at n2 (http://localhost:3000/assets/index-CLS7f9TQ.js:200:115285)
    at _a (http://localhost:3000/assets/index-CLS7f9TQ.js:38:16961)
    at vp (http://localhost:3000/assets/index-CLS7f9TQ.js:40:43768)
    at mp (http://localhost:3000/assets/index-CLS7f9TQ.js:40:39561)
    at jv (http://localhost:3000/assets/index-CLS7f9TQ.js:40:39492)
    at vs (http://localhost:3000/assets/index-CLS7f9TQ.js:40:39348)
    at Rl (http://localhost:3000/assets/index-CLS7f9TQ.js:40:35751)
    at Rc (http://localhost:3000/assets/index-CLS7f9TQ.js:40:36552)
[2026-05-27T18:56:05.829Z] [error] RangeError: Invalid time value
    at jx (http://localhost:3000/assets/index-CLS7f9TQ.js:192:12954)
    at Op (http://localhost:3000/assets/index-CLS7f9TQ.js:192:14207)
    at n2 (http://localhost:3000/assets/index-CLS7f9TQ.js:200:115285)
    at _a (http://localhost:3000/assets/index-CLS7f9TQ.js:38:16961)
    at vp (http://localhost:3000/assets/index-CLS7f9TQ.js:40:43768)
    at mp (http://localhost:3000/assets/index-CLS7f9TQ.js:40:39561)
    at jv (http://localhost:3000/assets/index-CLS7f9TQ.js:40:39492)
    at vs (http://localhost:3000/assets/index-CLS7f9TQ.js:40:39348)
    at Rl (http://localhost:3000/assets/index-CLS7f9TQ.js:40:35751)
    at Rc (http://localhost:3000/assets/index-CLS7f9TQ.js:40:36552)
[2026-05-27T18:56:05.829Z] [error] RangeError: Invalid time value
    at jx (http://localhost:3000/assets/index-CLS7f9TQ.js:192:12954)
    at Op (http://localhost:3000/assets/index-CLS7f9TQ.js:192:14207)
    at n2 (http://localhost:3000/assets/index-CLS7f9TQ.js:200:115285)
    at _a (http://localhost:3000/assets/index-CLS7f9TQ.js:38:16961)
    at vp (http://localhost:3000/assets/index-CLS7f9TQ.js:40:43768)
    at mp (http://localhost:3000/assets/index-CLS7f9TQ.js:40:39561)
    at jv (http://localhost:3000/assets/index-CLS7f9TQ.js:40:39492)
    at vs (http://localhost:3000/assets/index-CLS7f9TQ.js:40:39348)
    at Rl (http://localhost:3000/assets/index-CLS7f9TQ.js:40:35751)
    at Rc (http://localhost:3000/assets/index-CLS7f9TQ.js:40:36552)
[2026-05-27T18:56:05.832Z] [error] RangeError: Invalid time value
    at jx (http://localhost:3000/assets/index-CLS7f9TQ.js:192:12954)
    at Op (http://localhost:3000/assets/index-CLS7f9TQ.js:192:14207)
    at n2 (http://localhost:3000/assets/index-CLS7f9TQ.js:200:115285)
    at _a (http://localhost:3000/assets/index-CLS7f9TQ.js:38:16961)
    at vp (http://localhost:3000/assets/index-CLS7f9TQ.js:40:43768)
    at mp (http://localhost:3000/assets/index-CLS7f9TQ.js:40:39561)
    at jv (http://localhost:3000/assets/index-CLS7f9TQ.js:40:39492)
    at vs (http://localhost:3000/assets/index-CLS7f9TQ.js:40:39348)
    at Rl (http://localhost:3000/assets/index-CLS7f9TQ.js:40:35751)
    at Rc (http://localhost:3000/assets/index-CLS7f9TQ.js:40:36552)
[2026-05-27T18:56:05.832Z] [error] RangeError: Invalid time value
    at jx (http://localhost:3000/assets/index-CLS7f9TQ.js:192:12954)
    at Op (http://localhost:3000/assets/index-CLS7f9TQ.js:192:14207)
    at n2 (http://localhost:3000/assets/index-CLS7f9TQ.js:200:115285)
    at _a (http://localhost:3000/assets/index-CLS7f9TQ.js:38:16961)
    at vp (http://localhost:3000/assets/index-CLS7f9TQ.js:40:43768)
    at mp (http://localhost:3000/assets/index-CLS7f9TQ.js:40:39561)
    at jv (http://localhost:3000/assets/index-CLS7f9TQ.js:40:39492)
    at vs (http://localhost:3000/assets/index-CLS7f9TQ.js:40:39348)
    at Rl (http://localhost:3000/assets/index-CLS7f9TQ.js:40:35751)
    at Rc (http://localhost:3000/assets/index-CLS7f9TQ.js:40:36552)
[2026-05-27T18:56:05.832Z] [error] RangeError: Invalid time value
    at jx (http://localhost:3000/assets/index-CLS7f9TQ.js:192:12954)
    at Op (http://localhost:3000/assets/index-CLS7f9TQ.js:192:14207)
    at n2 (http://localhost:3000/assets/index-CLS7f9TQ.js:200:115285)
    at _a (http://localhost:3000/assets/index-CLS7f9TQ.js:38:16961)
    at vp (http://localhost:3000/assets/index-CLS7f9TQ.js:40:43768)
    at mp (http://localhost:3000/assets/index-CLS7f9TQ.js:40:39561)
    at jv (http://localhost:3000/assets/index-CLS7f9TQ.js:40:39492)
    at vs (http://localhost:3000/assets/index-CLS7f9TQ.js:40:39348)
    at Rl (http://localhost:3000/assets/index-CLS7f9TQ.js:40:35751)
    at Rc (http://localhost:3000/assets/index-CLS7f9TQ.js:40:36552)
[2026-05-27T18:56:05.833Z] [error] RangeError: Invalid time value
    at jx (http://localhost:3000/assets/index-CLS7f9TQ.js:192:12954)
    at Op (http://localhost:3000/assets/index-CLS7f9TQ.js:192:14207)
    at n2 (http://localhost:3000/assets/index-CLS7f9TQ.js:200:115285)
    at _a (http://localhost:3000/assets/index-CLS7f9TQ.js:38:16961)
    at vp (http://localhost:3000/assets/index-CLS7f9TQ.js:40:43768)
    at mp (http://localhost:3000/assets/index-CLS7f9TQ.js:40:39561)
    at jv (http://localhost:3000/assets/index-CLS7f9TQ.js:40:39492)
    at vs (http://localhost:3000/assets/index-CLS7f9TQ.js:40:39348)
    at Rl (http://localhost:3000/assets/index-CLS7f9TQ.js:40:35751)
    at Rc (http://localhost:3000/assets/index-CLS7f9TQ.js:40:36552)
[2026-05-27T18:56:05.833Z] [error] RangeError: Invalid time value
    at jx (http://localhost:3000/assets/index-CLS7f9TQ.js:192:12954)
    at Op (http://localhost:3000/assets/index-CLS7f9TQ.js:192:14207)
    at n2 (http://localhost:3000/assets/index-CLS7f9TQ.js:200:115285)
    at _a (http://localhost:3000/assets/index-CLS7f9TQ.js:38:16961)
    at vp (http://localhost:3000/assets/index-CLS7f9TQ.js:40:43768)
    at mp (http://localhost:3000/assets/index-CLS7f9TQ.js:40:39561)
    at jv (http://localhost:3000/assets/index-CLS7f9TQ.js:40:39492)
    at vs (http://localhost:3000/assets/index-CLS7f9TQ.js:40:39348)
    at Rl (http://localhost:3000/assets/index-CLS7f9TQ.js:40:35751)
    at Rc (http://localhost:3000/assets/index-CLS7f9TQ.js:40:36552)
[2026-05-27T18:56:05.833Z] [error] RangeError: Invalid time value
    at jx (http://localhost:3000/assets/index-CLS7f9TQ.js:192:12954)
    at Op (http://localhost:3000/assets/index-CLS7f9TQ.js:192:14207)
    at n2 (http://localhost:3000/assets/index-CLS7f9TQ.js:200:115285)
    at _a (http://localhost:3000/assets/index-CLS7f9TQ.js:38:16961)
    at vp (http://localhost:3000/assets/index-CLS7f9TQ.js:40:43768)
    at mp (http://localhost:3000/assets/index-CLS7f9TQ.js:40:39561)
    at jv (http://localhost:3000/assets/index-CLS7f9TQ.js:40:39492)
    at vs (http://localhost:3000/assets/index-CLS7f9TQ.js:40:39348)
    at Rl (http://localhost:3000/assets/index-CLS7f9TQ.js:40:35751)
    at Rc (http://localhost:3000/assets/index-CLS7f9TQ.js:40:36552)
[2026-05-27T18:56:05.833Z] [error] RangeError: Invalid time value
    at jx (http://localhost:3000/assets/index-CLS7f9TQ.js:192:12954)
    at Op (http://localhost:3000/assets/index-CLS7f9TQ.js:192:14207)
    at n2 (http://localhost:3000/assets/index-CLS7f9TQ.js:200:115285)
    at _a (http://localhost:3000/assets/index-CLS7f9TQ.js:38:16961)
    at vp (http://localhost:3000/assets/index-CLS7f9TQ.js:40:43768)
    at mp (http://localhost:3000/assets/index-CLS7f9TQ.js:40:39561)
    at jv (http://localhost:3000/assets/index-CLS7f9TQ.js:40:39492)
    at vs (http://localhost:3000/assets/index-CLS7f9TQ.js:40:39348)
    at Rl (http://localhost:3000/assets/index-CLS7f9TQ.js:40:35751)
    at Rc (http://localhost:3000/assets/index-CLS7f9TQ.js:40:36552)
[2026-05-27T18:56:05.833Z] [error] RangeError: Invalid time value
    at jx (http://localhost:3000/assets/index-CLS7f9TQ.js:192:12954)
    at Op (http://localhost:3000/assets/index-CLS7f9TQ.js:192:14207)
    at n2 (http://localhost:3000/assets/index-CLS7f9TQ.js:200:115285)
    at _a (http://localhost:3000/assets/index-CLS7f9TQ.js:38:16961)
    at vp (http://localhost:3000/assets/index-CLS7f9TQ.js:40:43768)
    at mp (http://localhost:3000/assets/index-CLS7f9TQ.js:40:39561)
    at jv (http://localhost:3000/assets/index-CLS7f9TQ.js:40:39492)
    at vs (http://localhost:3000/assets/index-CLS7f9TQ.js:40:39348)
    at Rl (http://localhost:3000/assets/index-CLS7f9TQ.js:40:35751)
    at Rc (http://localhost:3000/assets/index-CLS7f9TQ.js:40:36552)
[2026-05-27T18:56:05.833Z] [error] RangeError: Invalid time value
    at jx (http://localhost:3000/assets/index-CLS7f9TQ.js:192:12954)
    at Op (http://localhost:3000/assets/index-CLS7f9TQ.js:192:14207)
    at n2 (http://localhost:3000/assets/index-CLS7f9TQ.js:200:115285)
    at _a (http://localhost:3000/assets/index-CLS7f9TQ.js:38:16961)
    at vp (http://localhost:3000/assets/index-CLS7f9TQ.js:40:43768)
    at mp (http://localhost:3000/assets/index-CLS7f9TQ.js:40:39561)
    at jv (http://localhost:3000/assets/index-CLS7f9TQ.js:40:39492)
    at vs (http://localhost:3000/assets/index-CLS7f9TQ.js:40:39348)
    at Rl (http://localhost:3000/assets/index-CLS7f9TQ.js:40:35751)
    at Rc (http://localhost:3000/assets/index-CLS7f9TQ.js:40:36552)
[2026-05-27T18:56:05.833Z] [error] RangeError: Invalid time value
    at jx (http://localhost:3000/assets/index-CLS7f9TQ.js:192:12954)
    at Op (http://localhost:3000/assets/index-CLS7f9TQ.js:192:14207)
    at n2 (http://localhost:3000/assets/index-CLS7f9TQ.js:200:115285)
    at _a (http://localhost:3000/assets/index-CLS7f9TQ.js:38:16961)
    at vp (http://localhost:3000/assets/index-CLS7f9TQ.js:40:43768)
    at mp (http://localhost:3000/assets/index-CLS7f9TQ.js:40:39561)
    at jv (http://localhost:3000/assets/index-CLS7f9TQ.js:40:39492)
    at vs (http://localhost:3000/assets/index-CLS7f9TQ.js:40:39348)
    at Rl (http://localhost:3000/assets/index-CLS7f9TQ.js:40:35751)
    at Rc (http://localhost:3000/assets/index-CLS7f9TQ.js:40:36552)
[2026-05-27T18:56:05.833Z] [error] RangeError: Invalid time value
    at jx (http://localhost:3000/assets/index-CLS7f9TQ.js:192:12954)
    at Op (http://localhost:3000/assets/index-CLS7f9TQ.js:192:14207)
    at n2 (http://localhost:3000/assets/index-CLS7f9TQ.js:200:115285)
    at _a (http://localhost:3000/assets/index-CLS7f9TQ.js:38:16961)
    at vp (http://localhost:3000/assets/index-CLS7f9TQ.js:40:43768)
    at mp (http://localhost:3000/assets/index-CLS7f9TQ.js:40:39561)
    at jv (http://localhost:3000/assets/index-CLS7f9TQ.js:40:39492)
    at vs (http://localhost:3000/assets/index-CLS7f9TQ.js:40:39348)
    at Rl (http://localhost:3000/assets/index-CLS7f9TQ.js:40:35751)
    at Rc (http://localhost:3000/assets/index-CLS7f9TQ.js:40:36552)
[2026-05-27T18:56:05.833Z] [error] RangeError: Invalid time value
    at jx (http://localhost:3000/assets/index-CLS7f9TQ.js:192:12954)
    at Op (http://localhost:3000/assets/index-CLS7f9TQ.js:192:14207)
    at n2 (http://localhost:3000/assets/index-CLS7f9TQ.js:200:115285)
    at _a (http://localhost:3000/assets/index-CLS7f9TQ.js:38:16961)
    at vp (http://localhost:3000/assets/index-CLS7f9TQ.js:40:43768)
    at mp (http://localhost:3000/assets/index-CLS7f9TQ.js:40:39561)
    at jv (http://localhost:3000/assets/index-CLS7f9TQ.js:40:39492)
    at vs (http://localhost:3000/assets/index-CLS7f9TQ.js:40:39348)
    at Rl (http://localhost:3000/assets/index-CLS7f9TQ.js:40:35751)
    at Rc (http://localhost:3000/assets/index-CLS7f9TQ.js:40:36552)
[2026-05-27T18:56:05.833Z] [error] RangeError: Invalid time value
    at jx (http://localhost:3000/assets/index-CLS7f9TQ.js:192:12954)
    at Op (http://localhost:3000/assets/index-CLS7f9TQ.js:192:14207)
    at n2 (http://localhost:3000/assets/index-CLS7f9TQ.js:200:115285)
    at _a (http://localhost:3000/assets/index-CLS7f9TQ.js:38:16961)
    at vp (http://localhost:3000/assets/index-CLS7f9TQ.js:40:43768)
    at mp (http://localhost:3000/assets/index-CLS7f9TQ.js:40:39561)
    at jv (http://localhost:3000/assets/index-CLS7f9TQ.js:40:39492)
    at vs (http://localhost:3000/assets/index-CLS7f9TQ.js:40:39348)
    at Rl (http://localhost:3000/assets/index-CLS7f9TQ.js:40:35751)
    at Rc (http://localhost:3000/assets/index-CLS7f9TQ.js:40:36552)
[2026-05-27T18:56:05.833Z] [error] RangeError: Invalid time value
    at jx (http://localhost:3000/assets/index-CLS7f9TQ.js:192:12954)
    at Op (http://localhost:3000/assets/index-CLS7f9TQ.js:192:14207)
    at n2 (http://localhost:3000/assets/index-CLS7f9TQ.js:200:115285)
    at _a (http://localhost:3000/assets/index-CLS7f9TQ.js:38:16961)
    at vp (http://localhost:3000/assets/index-CLS7f9TQ.js:40:43768)
    at mp (http://localhost:3000/assets/index-CLS7f9TQ.js:40:39561)
    at jv (http://localhost:3000/assets/index-CLS7f9TQ.js:40:39492)
    at vs (http://localhost:3000/assets/index-CLS7f9TQ.js:40:39348)
    at Rl (http://localhost:3000/assets/index-CLS7f9TQ.js:40:35751)
    at Rc (http://localhost:3000/assets/index-CLS7f9TQ.js:40:36552)
[2026-05-27T18:56:05.833Z] [error] RangeError: Invalid time value
    at jx (http://localhost:3000/assets/index-CLS7f9TQ.js:192:12954)
    at Op (http://localhost:3000/assets/index-CLS7f9TQ.js:192:14207)
    at n2 (http://localhost:3000/assets/index-CLS7f9TQ.js:200:115285)
    at _a (http://localhost:3000/assets/index-CLS7f9TQ.js:38:16961)
    at vp (http://localhost:3000/assets/index-CLS7f9TQ.js:40:43768)
    at mp (http://localhost:3000/assets/index-CLS7f9TQ.js:40:39561)
    at jv (http://localhost:3000/assets/index-CLS7f9TQ.js:40:39492)
    at vs (http://localhost:3000/assets/index-CLS7f9TQ.js:40:39348)
    at Rl (http://localhost:3000/assets/index-CLS7f9TQ.js:40:35751)
    at Rc (http://localhost:3000/assets/index-CLS7f9TQ.js:40:36552)
[2026-05-27T18:56:05.836Z] [error] RangeError: Invalid time value
    at jx (http://localhost:3000/assets/index-CLS7f9TQ.js:192:12954)
    at Op (http://localhost:3000/assets/index-CLS7f9TQ.js:192:14207)
    at n2 (http://localhost:3000/assets/index-CLS7f9TQ.js:200:115285)
    at _a (http://localhost:3000/assets/index-CLS7f9TQ.js:38:16961)
    at vp (http://localhost:3000/assets/index-CLS7f9TQ.js:40:43768)
    at mp (http://localhost:3000/assets/index-CLS7f9TQ.js:40:39561)
    at jv (http://localhost:3000/assets/index-CLS7f9TQ.js:40:39492)
    at vs (http://localhost:3000/assets/index-CLS7f9TQ.js:40:39348)
    at Rl (http://localhost:3000/assets/index-CLS7f9TQ.js:40:35751)
    at Rc (http://localhost:3000/assets/index-CLS7f9TQ.js:40:36552)
[2026-05-27T18:56:05.836Z] [error] RangeError: Invalid time value
    at jx (http://localhost:3000/assets/index-CLS7f9TQ.js:192:12954)
    at Op (http://localhost:3000/assets/index-CLS7f9TQ.js:192:14207)
    at n2 (http://localhost:3000/assets/index-CLS7f9TQ.js:200:115285)
    at _a (http://localhost:3000/assets/index-CLS7f9TQ.js:38:16961)
    at vp (http://localhost:3000/assets/index-CLS7f9TQ.js:40:43768)
    at mp (http://localhost:3000/assets/index-CLS7f9TQ.js:40:39561)
    at jv (http://localhost:3000/assets/index-CLS7f9TQ.js:40:39492)
    at vs (http://localhost:3000/assets/index-CLS7f9TQ.js:40:39348)
    at Rl (http://localhost:3000/assets/index-CLS7f9TQ.js:40:35751)
    at Rc (http://localhost:3000/assets/index-CLS7f9TQ.js:40:36552)
[2026-05-27T18:56:05.836Z] [error] RangeError: Invalid time value
    at jx (http://localhost:3000/assets/index-CLS7f9TQ.js:192:12954)
    at Op (http://localhost:3000/assets/index-CLS7f9TQ.js:192:14207)
    at n2 (http://localhost:3000/assets/index-CLS7f9TQ.js:200:115285)
    at _a (http://localhost:3000/assets/index-CLS7f9TQ.js:38:16961)
    at vp (http://localhost:3000/assets/index-CLS7f9TQ.js:40:43768)
    at mp (http://localhost:3000/assets/index-CLS7f9TQ.js:40:39561)
    at jv (http://localhost:3000/assets/index-CLS7f9TQ.js:40:39492)
    at vs (http://localhost:3000/assets/index-CLS7f9TQ.js:40:39348)
    at Rl (http://localhost:3000/assets/index-CLS7f9TQ.js:40:35751)
    at Rc (http://localhost:3000/assets/index-CLS7f9TQ.js:40:36552)
[2026-05-27T18:56:05.836Z] [error] RangeError: Invalid time value
    at jx (http://localhost:3000/assets/index-CLS7f9TQ.js:192:12954)
    at Op (http://localhost:3000/assets/index-CLS7f9TQ.js:192:14207)
    at n2 (http://localhost:3000/assets/index-CLS7f9TQ.js:200:115285)
    at _a (http://localhost:3000/assets/index-CLS7f9TQ.js:38:16961)
    at vp (http://localhost:3000/assets/index-CLS7f9TQ.js:40:43768)
    at mp (http://localhost:3000/assets/index-CLS7f9TQ.js:40:39561)
    at jv (http://localhost:3000/assets/index-CLS7f9TQ.js:40:39492)
    at vs (http://localhost:3000/assets/index-CLS7f9TQ.js:40:39348)
    at Rl (http://localhost:3000/assets/index-CLS7f9TQ.js:40:35751)
    at Rc (http://localhost:3000/assets/index-CLS7f9TQ.js:40:36552)
[2026-05-27T18:56:05.836Z] [error] RangeError: Invalid time value
    at jx (http://localhost:3000/assets/index-CLS7f9TQ.js:192:12954)
    at Op (http://localhost:3000/assets/index-CLS7f9TQ.js:192:14207)
    at n2 (http://localhost:3000/assets/index-CLS7f9TQ.js:200:115285)
    at _a (http://localhost:3000/assets/index-CLS7f9TQ.js:38:16961)
    at vp (http://localhost:3000/assets/index-CLS7f9TQ.js:40:43768)
    at mp (http://localhost:3000/assets/index-CLS7f9TQ.js:40:39561)
    at jv (http://localhost:3000/assets/index-CLS7f9TQ.js:40:39492)
    at vs (http://localhost:3000/assets/index-CLS7f9TQ.js:40:39348)
    at Rl (http://localhost:3000/assets/index-CLS7f9TQ.js:40:35751)
    at Rc (http://localhost:3000/assets/index-CLS7f9TQ.js:40:36552)
[2026-05-27T18:56:05.836Z] [error] RangeError: Invalid time value
    at jx (http://localhost:3000/assets/index-CLS7f9TQ.js:192:12954)
    at Op (http://localhost:3000/assets/index-CLS7f9TQ.js:192:14207)
    at n2 (http://localhost:3000/assets/index-CLS7f9TQ.js:200:115285)
    at _a (http://localhost:3000/assets/index-CLS7f9TQ.js:38:16961)
    at vp (http://localhost:3000/assets/index-CLS7f9TQ.js:40:43768)
    at mp (http://localhost:3000/assets/index-CLS7f9TQ.js:40:39561)
    at jv (http://localhost:3000/assets/index-CLS7f9TQ.js:40:39492)
    at vs (http://localhost:3000/assets/index-CLS7f9TQ.js:40:39348)
    at Rl (http://localhost:3000/assets/index-CLS7f9TQ.js:40:35751)
    at Rc (http://localhost:3000/assets/index-CLS7f9TQ.js:40:36552)
[2026-05-27T18:56:05.836Z] [error] RangeError: Invalid time value
    at jx (http://localhost:3000/assets/index-CLS7f9TQ.js:192:12954)
    at Op (http://localhost:3000/assets/index-CLS7f9TQ.js:192:14207)
    at n2 (http://localhost:3000/assets/index-CLS7f9TQ.js:200:115285)
    at _a (http://localhost:3000/assets/index-CLS7f9TQ.js:38:16961)
    at vp (http://localhost:3000/assets/index-CLS7f9TQ.js:40:43768)
    at mp (http://localhost:3000/assets/index-CLS7f9TQ.js:40:39561)
    at jv (http://localhost:3000/assets/index-CLS7f9TQ.js:40:39492)
    at vs (http://localhost:3000/assets/index-CLS7f9TQ.js:40:39348)
    at Rl (http://localhost:3000/assets/index-CLS7f9TQ.js:40:35751)
    at Rc (http://localhost:3000/assets/index-CLS7f9TQ.js:40:36552)
[2026-05-27T18:56:05.836Z] [error] RangeError: Invalid time value
    at jx (http://localhost:3000/assets/index-CLS7f9TQ.js:192:12954)
    at Op (http://localhost:3000/assets/index-CLS7f9TQ.js:192:14207)
    at n2 (http://localhost:3000/assets/index-CLS7f9TQ.js:200:115285)
    at _a (http://localhost:3000/assets/index-CLS7f9TQ.js:38:16961)
    at vp (http://localhost:3000/assets/index-CLS7f9TQ.js:40:43768)
    at mp (http://localhost:3000/assets/index-CLS7f9TQ.js:40:39561)
    at jv (http://localhost:3000/assets/index-CLS7f9TQ.js:40:39492)
    at vs (http://localhost:3000/assets/index-CLS7f9TQ.js:40:39348)
    at Rl (http://localhost:3000/assets/index-CLS7f9TQ.js:40:35751)
    at Rc (http://localhost:3000/assets/index-CLS7f9TQ.js:40:36552)
[2026-05-27T18:56:05.837Z] [error] RangeError: Invalid time value
    at jx (http://localhost:3000/assets/index-CLS7f9TQ.js:192:12954)
    at Op (http://localhost:3000/assets/index-CLS7f9TQ.js:192:14207)
    at n2 (http://localhost:3000/assets/index-CLS7f9TQ.js:200:115285)
    at _a (http://localhost:3000/assets/index-CLS7f9TQ.js:38:16961)
    at vp (http://localhost:3000/assets/index-CLS7f9TQ.js:40:43768)
    at mp (http://localhost:3000/assets/index-CLS7f9TQ.js:40:39561)
    at jv (http://localhost:3000/assets/index-CLS7f9TQ.js:40:39492)
    at vs (http://localhost:3000/assets/index-CLS7f9TQ.js:40:39348)
    at Rl (http://localhost:3000/assets/index-CLS7f9TQ.js:40:35751)
    at Rc (http://localhost:3000/assets/index-CLS7f9TQ.js:40:36552)
[2026-05-27T18:56:05.837Z] [error] RangeError: Invalid time value
    at jx (http://localhost:3000/assets/index-CLS7f9TQ.js:192:12954)
    at Op (http://localhost:3000/assets/index-CLS7f9TQ.js:192:14207)
    at n2 (http://localhost:3000/assets/index-CLS7f9TQ.js:200:115285)
    at _a (http://localhost:3000/assets/index-CLS7f9TQ.js:38:16961)
    at vp (http://localhost:3000/assets/index-CLS7f9TQ.js:40:43768)
    at mp (http://localhost:3000/assets/index-CLS7f9TQ.js:40:39561)
    at jv (http://localhost:3000/assets/index-CLS7f9TQ.js:40:39492)
    at vs (http://localhost:3000/assets/index-CLS7f9TQ.js:40:39348)
    at Rl (http://localhost:3000/assets/index-CLS7f9TQ.js:40:35751)
    at Rc (http://localhost:3000/assets/index-CLS7f9TQ.js:40:36552)
[2026-05-27T18:56:05.837Z] [error] RangeError: Invalid time value
    at jx (http://localhost:3000/assets/index-CLS7f9TQ.js:192:12954)
    at Op (http://localhost:3000/assets/index-CLS7f9TQ.js:192:14207)
    at n2 (http://localhost:3000/assets/index-CLS7f9TQ.js:200:115285)
    at _a (http://localhost:3000/assets/index-CLS7f9TQ.js:38:16961)
    at vp (http://localhost:3000/assets/index-CLS7f9TQ.js:40:43768)
    at mp (http://localhost:3000/assets/index-CLS7f9TQ.js:40:39561)
    at jv (http://localhost:3000/assets/index-CLS7f9TQ.js:40:39492)
    at vs (http://localhost:3000/assets/index-CLS7f9TQ.js:40:39348)
    at Rl (http://localhost:3000/assets/index-CLS7f9TQ.js:40:35751)
    at Rc (http://localhost:3000/assets/index-CLS7f9TQ.js:40:36552)
[2026-05-27T18:56:05.837Z] [error] RangeError: Invalid time value
    at jx (http://localhost:3000/assets/index-CLS7f9TQ.js:192:12954)
    at Op (http://localhost:3000/assets/index-CLS7f9TQ.js:192:14207)
    at n2 (http://localhost:3000/assets/index-CLS7f9TQ.js:200:115285)
    at _a (http://localhost:3000/assets/index-CLS7f9TQ.js:38:16961)
    at vp (http://localhost:3000/assets/index-CLS7f9TQ.js:40:43768)
    at mp (http://localhost:3000/assets/index-CLS7f9TQ.js:40:39561)
    at jv (http://localhost:3000/assets/index-CLS7f9TQ.js:40:39492)
    at vs (http://localhost:3000/assets/index-CLS7f9TQ.js:40:39348)
    at Rl (http://localhost:3000/assets/index-CLS7f9TQ.js:40:35751)
    at Rc (http://localhost:3000/assets/index-CLS7f9TQ.js:40:36552)
[2026-05-27T18:56:05.837Z] [error] RangeError: Invalid time value
    at jx (http://localhost:3000/assets/index-CLS7f9TQ.js:192:12954)
    at Op (http://localhost:3000/assets/index-CLS7f9TQ.js:192:14207)
    at n2 (http://localhost:3000/assets/index-CLS7f9TQ.js:200:115285)
    at _a (http://localhost:3000/assets/index-CLS7f9TQ.js:38:16961)
    at vp (http://localhost:3000/assets/index-CLS7f9TQ.js:40:43768)
    at mp (http://localhost:3000/assets/index-CLS7f9TQ.js:40:39561)
    at jv (http://localhost:3000/assets/index-CLS7f9TQ.js:40:39492)
    at vs (http://localhost:3000/assets/index-CLS7f9TQ.js:40:39348)
    at Rl (http://localhost:3000/assets/index-CLS7f9TQ.js:40:35751)
    at Rc (http://localhost:3000/assets/index-CLS7f9TQ.js:40:36552)
[2026-05-27T18:56:05.837Z] [error] RangeError: Invalid time value
    at jx (http://localhost:3000/assets/index-CLS7f9TQ.js:192:12954)
    at Op (http://localhost:3000/assets/index-CLS7f9TQ.js:192:14207)
    at n2 (http://localhost:3000/assets/index-CLS7f9TQ.js:200:115285)
    at _a (http://localhost:3000/assets/index-CLS7f9TQ.js:38:16961)
    at vp (http://localhost:3000/assets/index-CLS7f9TQ.js:40:43768)
    at mp (http://localhost:3000/assets/index-CLS7f9TQ.js:40:39561)
    at jv (http://localhost:3000/assets/index-CLS7f9TQ.js:40:39492)
    at vs (http://localhost:3000/assets/index-CLS7f9TQ.js:40:39348)
    at Rl (http://localhost:3000/assets/index-CLS7f9TQ.js:40:35751)
    at Rc (http://localhost:3000/assets/index-CLS7f9TQ.js:40:36552)
[2026-05-27T18:56:05.837Z] [error] RangeError: Invalid time value
    at jx (http://localhost:3000/assets/index-CLS7f9TQ.js:192:12954)
    at Op (http://localhost:3000/assets/index-CLS7f9TQ.js:192:14207)
    at n2 (http://localhost:3000/assets/index-CLS7f9TQ.js:200:115285)
    at _a (http://localhost:3000/assets/index-CLS7f9TQ.js:38:16961)
    at vp (http://localhost:3000/assets/index-CLS7f9TQ.js:40:43768)
    at mp (http://localhost:3000/assets/index-CLS7f9TQ.js:40:39561)
    at jv (http://localhost:3000/assets/index-CLS7f9TQ.js:40:39492)
    at vs (http://localhost:3000/assets/index-CLS7f9TQ.js:40:39348)
    at Rl (http://localhost:3000/assets/index-CLS7f9TQ.js:40:35751)
    at Rc (http://localhost:3000/assets/index-CLS7f9TQ.js:40:36552)
[2026-05-27T18:56:05.837Z] [error] RangeError: Invalid time value
    at jx (http://localhost:3000/assets/index-CLS7f9TQ.js:192:12954)
    at Op (http://localhost:3000/assets/index-CLS7f9TQ.js:192:14207)
    at n2 (http://localhost:3000/assets/index-CLS7f9TQ.js:200:115285)
    at _a (http://localhost:3000/assets/index-CLS7f9TQ.js:38:16961)
    at vp (http://localhost:3000/assets/index-CLS7f9TQ.js:40:43768)
    at mp (http://localhost:3000/assets/index-CLS7f9TQ.js:40:39561)
    at jv (http://localhost:3000/assets/index-CLS7f9TQ.js:40:39492)
    at vs (http://localhost:3000/assets/index-CLS7f9TQ.js:40:39348)
    at Rl (http://localhost:3000/assets/index-CLS7f9TQ.js:40:35751)
    at Rc (http://localhost:3000/assets/index-CLS7f9TQ.js:40:36552)
[2026-05-27T18:56:05.837Z] [error] RangeError: Invalid time value
    at jx (http://localhost:3000/assets/index-CLS7f9TQ.js:192:12954)
    at Op (http://localhost:3000/assets/index-CLS7f9TQ.js:192:14207)
    at n2 (http://localhost:3000/assets/index-CLS7f9TQ.js:200:115285)
    at _a (http://localhost:3000/assets/index-CLS7f9TQ.js:38:16961)
    at vp (http://localhost:3000/assets/index-CLS7f9TQ.js:40:43768)
    at mp (http://localhost:3000/assets/index-CLS7f9TQ.js:40:39561)
    at jv (http://localhost:3000/assets/index-CLS7f9TQ.js:40:39492)
    at vs (http://localhost:3000/assets/index-CLS7f9TQ.js:40:39348)
    at Rl (http://localhost:3000/assets/index-CLS7f9TQ.js:40:35751)
    at Rc (http://localhost:3000/assets/index-CLS7f9TQ.js:40:36552)
[2026-05-27T18:56:05.837Z] [error] RangeError: Invalid time value
    at jx (http://localhost:3000/assets/index-CLS7f9TQ.js:192:12954)
    at Op (http://localhost:3000/assets/index-CLS7f9TQ.js:192:14207)
    at n2 (http://localhost:3000/assets/index-CLS7f9TQ.js:200:115285)
    at _a (http://localhost:3000/assets/index-CLS7f9TQ.js:38:16961)
    at vp (http://localhost:3000/assets/index-CLS7f9TQ.js:40:43768)
    at mp (http://localhost:3000/assets/index-CLS7f9TQ.js:40:39561)
    at jv (http://localhost:3000/assets/index-CLS7f9TQ.js:40:39492)
    at vs (http://localhost:3000/assets/index-CLS7f9TQ.js:40:39348)
    at Rl (http://localhost:3000/assets/index-CLS7f9TQ.js:40:35751)
    at Rc (http://localhost:3000/assets/index-CLS7f9TQ.js:40:36552)
[2026-05-27T18:56:05.838Z] [error] RangeError: Invalid time value
    at jx (http://localhost:3000/assets/index-CLS7f9TQ.js:192:12954)
    at Op (http://localhost:3000/assets/index-CLS7f9TQ.js:192:14207)
    at n2 (http://localhost:3000/assets/index-CLS7f9TQ.js:200:115285)
    at _a (http://localhost:3000/assets/index-CLS7f9TQ.js:38:16961)
    at vp (http://localhost:3000/assets/index-CLS7f9TQ.js:40:43768)
    at mp (http://localhost:3000/assets/index-CLS7f9TQ.js:40:39561)
    at jv (http://localhost:3000/assets/index-CLS7f9TQ.js:40:39492)
    at vs (http://localhost:3000/assets/index-CLS7f9TQ.js:40:39348)
    at Rl (http://localhost:3000/assets/index-CLS7f9TQ.js:40:35751)
    at Rc (http://localhost:3000/assets/index-CLS7f9TQ.js:40:36552)
[2026-05-27T18:56:05.839Z] [log] [WS] Disconnected, reconnecting in 2s...
[2026-05-27T18:56:07.852Z] [log] [WS] Connected
[2026-05-27T19:00:07.509Z] [log] [WS] Disconnected, reconnecting in 2s...
[2026-05-27T19:00:10.304Z] [log] [WS] Connected
